TM  simulation (enter h for help)...
Enter command: OUT instruction prints: 0
OUT instruction prints: 1
OUT instruction prints: 2
OUT instruction prints: 3
OUT instruction prints: 4
OUT instruction prints: 5
OUT instruction prints: 6
OUT instruction prints: 7
OUT instruction prints: 8
OUT instruction prints: 9
OUT instruction prints: 0
HALT: 0,0,0
Halted
Enter command: Simulation done.
