TM  simulation (enter h for help)...
Enter command: Enter value for IN instruction: OUT instruction prints: 10
HALT: 0,0,0
Halted
Enter command: Simulation done.
