TM  simulation (enter h for help)...
Enter command: OUT instruction prints: 6
HALT: 0,0,0
Halted
Enter command: Simulation done.
