TM  simulation (enter h for help)...
Enter command: OUT instruction prints: 0
OUT instruction prints: 1
OUT instruction prints: 2
OUT instruction prints: 3
OUT instruction prints: 4
HALT: 0,0,0
Halted
Enter command: Simulation done.
