TM  simulation (enter h for help)...
Enter command: Enter value for IN instruction: OUT instruction prints: 1
OUT instruction prints: 2
OUT instruction prints: 3
OUT instruction prints: 4
OUT instruction prints: 5
OUT instruction prints: 6
OUT instruction prints: 7
OUT instruction prints: 8
OUT instruction prints: 9
OUT instruction prints: 10
OUT instruction prints: 11
OUT instruction prints: 12
OUT instruction prints: 13
OUT instruction prints: 14
OUT instruction prints: 15
OUT instruction prints: 16
OUT instruction prints: 17
OUT instruction prints: 18
OUT instruction prints: 19
OUT instruction prints: 20
OUT instruction prints: 21
OUT instruction prints: 22
OUT instruction prints: 23
OUT instruction prints: 24
OUT instruction prints: 25
OUT instruction prints: 26
OUT instruction prints: 27
OUT instruction prints: 28
OUT instruction prints: 29
OUT instruction prints: 30
OUT instruction prints: 31
OUT instruction prints: 32
OUT instruction prints: 33
OUT instruction prints: 34
OUT instruction prints: 35
OUT instruction prints: 36
OUT instruction prints: 37
OUT instruction prints: 38
OUT instruction prints: 39
OUT instruction prints: 40
OUT instruction prints: 41
OUT instruction prints: 42
OUT instruction prints: 43
OUT instruction prints: 44
OUT instruction prints: 45
OUT instruction prints: 46
OUT instruction prints: 47
OUT instruction prints: 48
OUT instruction prints: 49
OUT instruction prints: 50
OUT instruction prints: 51
OUT instruction prints: 52
OUT instruction prints: 53
OUT instruction prints: 54
OUT instruction prints: 55
OUT instruction prints: 56
OUT instruction prints: 57
OUT instruction prints: 58
OUT instruction prints: 59
OUT instruction prints: 60
OUT instruction prints: 61
OUT instruction prints: 62
OUT instruction prints: 63
OUT instruction prints: 64
OUT instruction prints: 65
OUT instruction prints: 66
OUT instruction prints: 67
OUT instruction prints: 68
OUT instruction prints: 69
OUT instruction prints: 70
OUT instruction prints: 71
OUT instruction prints: 72
OUT instruction prints: 73
OUT instruction prints: 74
OUT instruction prints: 75
OUT instruction prints: 76
OUT instruction prints: 77
OUT instruction prints: 78
OUT instruction prints: 79
OUT instruction prints: 80
OUT instruction prints: 81
OUT instruction prints: 82
OUT instruction prints: 83
OUT instruction prints: 84
OUT instruction prints: 85
OUT instruction prints: 86
OUT instruction prints: 87
OUT instruction prints: 88
OUT instruction prints: 89
OUT instruction prints: 90
OUT instruction prints: 91
OUT instruction prints: 92
OUT instruction prints: 93
OUT instruction prints: 94
OUT instruction prints: 95
OUT instruction prints: 96
OUT instruction prints: 97
OUT instruction prints: 98
OUT instruction prints: 99
OUT instruction prints: 100
HALT: 0,0,0
Halted
Enter command: Simulation done.
