TM  simulation (enter h for help)...
Enter command: Enter value for IN instruction: Enter value for IN instruction: Enter value for IN instruction: Enter value for IN instruction: Enter value for IN instruction: Enter value for IN instruction: Enter value for IN instruction: Enter value for IN instruction: Enter value for IN instruction: Enter value for IN instruction: OUT instruction prints: 1
OUT instruction prints: 12
OUT instruction prints: 14
OUT instruction prints: 16
OUT instruction prints: 17
OUT instruction prints: 20
OUT instruction prints: 22
OUT instruction prints: 23
OUT instruction prints: 434
OUT instruction prints: 9946
HALT: 0,0,0
Halted
Enter command: Simulation done.
